Testing complete_tests/test_01.in...
Brute force
0 0.0
ms: 0.0178813934326
Dynamic programming
0 0.0
ms: 1.02806091309
Greedy
0 0.0
ms: 0.00309944152832
Testing complete_tests/test_02.in...
Brute force
1 70.32
2 1
ms: 0.0660419464111
Dynamic programming
1 70.32
2 1
ms: 0.0910758972168
Greedy
1 70.32
2 1
ms: 0.0231266021729
Testing complete_tests/test_03.in...
Brute force
1 37.08
1 2 3
ms: 0.422954559326
Dynamic programming
1 37.08
1 2 3
ms: 0.258922576904
Greedy
1 37.08
1 2 3
ms: 0.0391006469727
Testing complete_tests/test_04.in...
Brute force
0 0.0
ms: 3.71909141541
Dynamic programming
0 0.0
ms: 0.679969787598
Greedy
1 0.0
2 
ms: 0.0560283660889
Testing complete_tests/test_05.in...
Brute force
2 107.32
3 1
5 2
ms: 57.8007698059
Dynamic programming
1 107.32
3 1 2
ms: 2.681016922
Greedy
1 106.94
1 2 5
ms: 0.0598430633545
Testing complete_tests/test_06.in...
Brute force
1 269.12
5 1 2 3 6
ms: 925.060033798
Dynamic programming
1 269.12
5 1 2 3 6
ms: 11.9898319244
Greedy
1 269.12
5 1 2 3 6
ms: 0.0729560852051
Testing complete_tests/test_07.in...
Brute force
3 142.29
2 3
5 6 7
4 1
ms: 17484.0660095
Dynamic programming
3 142.29
2 7
5 3 6
4 1
ms: 39.7408008575
Greedy
3 142.29
2 3
4 1
5 6 7
ms: 0.110149383545
Testing complete_tests/test_08.in...
Brute force
3 209.23
3 6 8
2 1
5 4
ms: 425353.892088
Dynamic programming
2 209.23
3 6
5 1 4 8
ms: 293.020963669
Greedy
2 209.23
3 4
5 1 6 8
ms: 0.12993812561
Testing complete_tests/test_09.in...
Brute force
2 234.84
1 3 7
5 6 8 9
ms: 10443674.614
Dynamic programming
2 234.84
1 3 6 9
5 7 8
ms: 676.964998245
Greedy
3 219.12
1 3 8 9
4 
5 7
ms: 0.188112258911



Testing complete_tests/test_01.in...
Dynamic programming
0 0.0
ms: 0.0491142272949
Greedy
0 0.0
ms: 0.00405311584473
Testing complete_tests/test_02.in...
Dynamic programming
1 70.32
2 1
ms: 0.182151794434
Greedy
1 70.32
2 1
ms: 0.0240802764893
Testing complete_tests/test_03.in...
Dynamic programming
1 37.08
1 2 3
ms: 0.468969345093
Greedy
1 37.08
1 2 3
ms: 0.0319480895996
Testing complete_tests/test_04.in...
Dynamic programming
0 0.0
ms: 0.683069229126
Greedy
1 0.0
2 
ms: 0.0550746917725
Testing complete_tests/test_05.in...
Dynamic programming
1 107.32
3 1 2
ms: 4.54783439636
Greedy
1 106.94
1 2 5
ms: 0.0619888305664
Testing complete_tests/test_06.in...
Dynamic programming
1 269.12
5 1 2 3 6
ms: 15.2831077576
Greedy
1 269.12
5 1 2 3 6
ms: 0.079870223999
Testing complete_tests/test_07.in...
Dynamic programming
3 142.29
2 7
4 1
5 3 6
ms: 37.6100540161
Greedy
3 142.29
2 3
4 1
5 6 7
ms: 0.112056732178
Testing complete_tests/test_08.in...
Dynamic programming
2 209.23
3 6
5 1 4 8
ms: 170.886039734
Greedy
2 209.23
3 4
5 1 6 8
ms: 0.128984451294
Testing complete_tests/test_09.in...
Dynamic programming
2 234.84
1 3 6 9
5 7 8
ms: 677.536010742
Greedy
3 219.12
1 3 8 9
4 
5 7
ms: 0.166893005371
Testing complete_tests/test_10.in...
Dynamic programming
3 218.22
10 8
2 9
3 1
ms: 2758.51607323
Greedy
4 218.22
10 8
2 9
3 1
5 
ms: 0.293016433716
Testing complete_tests/test_11.in...
Dynamic programming
4 188.83
11 2 9
3 5 6
4 10
8 7
ms: 13202.9409409
Greedy
4 167.51
10 
11 5
3 6 7 9
4 2
ms: 0.504016876221
Testing complete_tests/test_12.in...
Dynamic programming
5 461.61
10 4
5 1 3
7 12
8 11
9 2
ms: 54524.6641636
Greedy
4 418.21
10 1 11 3
4 2
7 12
9 8
ms: 0.342130661011
Testing complete_tests/test_13.in...
Dynamic programming
5 384.5
2 13 4
3 12
5 10 6
8 1
9 11
ms: 246305.373907
Greedy
4 288.04
2 11 12 13 6
4 
5 10
8 1
ms: 0.386953353882
Testing complete_tests/test_14.in...
Dynamic programming
6 448.55
12 4 6
14 11
2 1
3 9
5 10
7 13
ms: 1117625.21887
Greedy
5 408.28
12 10 4
13 1
14 3 9
2 11
7 6
ms: 0.638961791992
Testing complete_tests/test_15.in...
Dynamic programming
7 611.33
1 4
10 6
11 5
14 15
2 7
3 12 13
8 9
ms: 5457821.53916
Greedy
4 464.24
10 12 13 3 5
11 8
2 7
9 15 4
ms: 0.627994537354

Testing complete_tests/test_01.in...
Greedy
0 0.0
ms: 0.00405311584473
Testing complete_tests/test_02.in...
Greedy
1 70.32
2 1
ms: 0.0379085540771
Testing complete_tests/test_03.in...
Greedy
1 37.08
1 2 3
ms: 0.0498294830322
Testing complete_tests/test_04.in...
Greedy
1 0.0
2 
ms: 0.113010406494
Testing complete_tests/test_05.in...
Greedy
1 106.94
1 2 5
ms: 0.0779628753662
Testing complete_tests/test_06.in...
Greedy
1 269.12
5 1 2 3 6
ms: 0.144004821777
Testing complete_tests/test_07.in...
Greedy
3 142.29
2 3
4 1
5 6 7
ms: 0.124931335449
Testing complete_tests/test_08.in...
Greedy
2 209.23
3 4
5 1 6 8
ms: 0.246047973633
Testing complete_tests/test_09.in...
Greedy
3 219.12
1 3 8 9
4 
5 7
ms: 0.31590461731
Testing complete_tests/test_10.in...
Greedy
4 218.22
10 8
2 9
3 1
5 
ms: 0.531911849976
Testing complete_tests/test_11.in...
Greedy
4 167.51
10 
11 5
3 6 7 9
4 2
ms: 0.514030456543
Testing complete_tests/test_12.in...
Greedy
4 418.21
10 1 11 3
4 2
7 12
9 8
ms: 0.415086746216
Testing complete_tests/test_13.in...
Greedy
4 288.04
2 11 12 13 6
4 
5 10
8 1
ms: 0.708103179932
Testing complete_tests/test_14.in...
Greedy
5 408.28
12 10 4
13 1
14 3 9
2 11
7 6
ms: 0.638961791992
Testing complete_tests/test_15.in...
Greedy
4 464.24
10 12 13 3 5
11 8
2 7
9 15 4
ms: 0.631093978882
Testing complete_tests/test_16.in...
Greedy
5 497.9
1 2
11 10 4 6
12 5
13 7 8
16 15
ms: 0.686883926392
Testing complete_tests/test_17.in...
Greedy
5 384.05
1 5
15 10 14
16 17
4 
9 11 12 13 2 6
ms: 0.674962997437
Testing complete_tests/test_18.in...
Greedy
5 376.7
10 18
13 1
17 11 9
3 14 15 7 8
4 6
ms: 0.948905944824
Testing complete_tests/test_19.in...
Greedy
5 729.13
12 8
16 15 2
3 7
4 1 10 13 14 17 5
6 11 19 9
ms: 0.894069671631
Testing complete_tests/test_20.in...
Greedy
6 492.84
1 11
12 
15 16
17 13 7 8
19 
2 20 3 6 9
ms: 1.29199028015
